[INFO] Scanning for projects...
[INFO] 
[INFO] --------------------------< com.example:demo >--------------------------
[INFO] Building demo 0.0.1-SNAPSHOT
[INFO]   from pom.xml
[INFO] --------------------------------[ jar ]---------------------------------
[INFO] 
[INFO] --- clean:3.4.1:clean (default-clean) @ demo ---
[INFO] Deleting C:\distributed-applications-25-26\target
[INFO] 
[INFO] --- resources:3.3.1:resources (default-resources) @ demo ---
[INFO] Copying 1 resource from src\main\resources to target\classes
[INFO] Copying 13 resources from src\main\resources to target\classes
[INFO] 
[INFO] --- compiler:3.14.0:compile (default-compile) @ demo ---
[INFO] Recompiling the module because of changed source code.
[INFO] Compiling 38 source files with javac [debug parameters release 21] to target\classes
[INFO] 
[INFO] --- resources:3.3.1:testResources (default-testResources) @ demo ---
[INFO] skip non existing resourceDirectory C:\distributed-applications-25-26\src\test\resources
[INFO] 
[INFO] --- compiler:3.14.0:testCompile (default-testCompile) @ demo ---
[INFO] Recompiling the module because of changed dependency.
[INFO] Compiling 1 source file with javac [debug parameters release 21] to target\test-classes
[INFO] -------------------------------------------------------------
[ERROR] COMPILATION ERROR : 
[INFO] -------------------------------------------------------------
[ERROR] /C:/distributed-applications-25-26/src/test/java/com/example/demo/DemoApplicationTests.java:[3,29] package org.junit.jupiter.api does not exist
[ERROR] /C:/distributed-applications-25-26/src/test/java/com/example/demo/DemoApplicationTests.java:[4,45] package org.springframework.boot.test.context does not exist
[ERROR] /C:/distributed-applications-25-26/src/test/java/com/example/demo/DemoApplicationTests.java:[6,2] cannot find symbol
  symbol: class SpringBootTest
[ERROR] /C:/distributed-applications-25-26/src/test/java/com/example/demo/DemoApplicationTests.java:[9,10] cannot find symbol
  symbol:   class Test
  location: class com.example.demo.DemoApplicationTests
[INFO] 4 errors 
[INFO] -------------------------------------------------------------
[INFO] ------------------------------------------------------------------------
[INFO] BUILD FAILURE
[INFO] ------------------------------------------------------------------------
[INFO] Total time:  6.182 s
[INFO] Finished at: 2026-02-14T19:48:19+01:00
[INFO] ------------------------------------------------------------------------
[ERROR] Failed to execute goal org.apache.maven.plugins:maven-compiler-plugin:3.14.0:testCompile (default-testCompile) on project demo: Compilation failure: Compilation failure: 
[ERROR] /C:/distributed-applications-25-26/src/test/java/com/example/demo/DemoApplicationTests.java:[3,29] package org.junit.jupiter.api does not exist
[ERROR] /C:/distributed-applications-25-26/src/test/java/com/example/demo/DemoApplicationTests.java:[4,45] package org.springframework.boot.test.context does not exist
[ERROR] /C:/distributed-applications-25-26/src/test/java/com/example/demo/DemoApplicationTests.java:[6,2] cannot find symbol
[ERROR]   symbol: class SpringBootTest
[ERROR] /C:/distributed-applications-25-26/src/test/java/com/example/demo/DemoApplicationTests.java:[9,10] cannot find symbol
[ERROR]   symbol:   class Test
[ERROR]   location: class com.example.demo.DemoApplicationTests
[ERROR] -> [Help 1]
[ERROR] 
[ERROR] To see the full stack trace of the errors, re-run Maven with the -e switch.
[ERROR] Re-run Maven using the -X switch to enable full debug logging.
[ERROR] 
[ERROR] For more information about the errors and possible solutions, please read the following articles:
[ERROR] [Help 1] http://cwiki.apache.org/confluence/display/MAVEN/MojoFailureException
